\BOOKMARK [1][-]{section.1}{\376\377\225\356\230\230\221\315\217\360}{}% 1
\BOOKMARK [2][-]{subsection.1.1}{\376\377\225\356\230\230\166\204\200\314\146\157}{section.1}% 2
\BOOKMARK [2][-]{subsection.1.2}{\376\377\225\356\230\230\166\204\143\320\121\372}{section.1}% 3
\BOOKMARK [1][-]{section.2}{\376\377\225\356\230\230\122\006\147\220}{}% 4
\BOOKMARK [2][-]{subsection.2.1}{\376\377\225\356\230\230\116\000\122\006\147\220}{section.2}% 5
\BOOKMARK [2][-]{subsection.2.2}{\376\377\225\356\230\230\116\214\122\006\147\220}{section.2}% 6
\BOOKMARK [2][-]{subsection.2.3}{\376\377\225\356\230\230\116\011\122\006\147\220}{section.2}% 7
\BOOKMARK [1][-]{section.3}{\376\377\152\041\127\213\120\107\213\276}{}% 8
\BOOKMARK [1][-]{section.4}{\376\377\173\046\123\367\213\364\146\016}{}% 9
\BOOKMARK [1][-]{section.5}{\376\377\152\041\127\213\136\372\172\313\116\016\154\102\211\343\040\024\040\024\225\356\230\230\0001}{}% 10
\BOOKMARK [2][-]{subsection.5.1}{\376\377\137\047\225\177\123\302\145\160\123\026\124\214\137\047\225\177\121\375\145\160}{section.5}% 11
\BOOKMARK [2][-]{subsection.5.2}{\376\377\237\231\131\064\117\115\177\156\154\102\211\343}{section.5}% 12
\BOOKMARK [2][-]{subsection.5.3}{\376\377\121\166\117\131\142\212\142\113\117\115\177\156\154\102\211\343}{section.5}% 13
\BOOKMARK [2][-]{subsection.5.4}{\376\377\220\037\136\246\152\041\127\213}{section.5}% 14
\BOOKMARK [1][-]{section.6}{\376\377\152\041\127\213\136\372\172\313\116\016\154\102\211\343\040\024\040\024\225\356\230\230\0002}{}% 15
\BOOKMARK [2][-]{subsection.6.1}{\376\377\167\351\137\142\152\041\127\213\147\204\136\372}{section.6}% 16
\BOOKMARK [2][-]{subsection.6.2}{\376\377\122\006\134\102\170\260\144\236\150\300\155\113}{section.6}% 17
\BOOKMARK [2][-]{subsection.6.3}{\376\377\127\372\116\216\000\040\000S\000A\000T\000\040\166\204\174\276\170\156\170\260\144\236\122\044\133\232}{section.6}% 18
\BOOKMARK [2][-]{subsection.6.4}{\376\377\231\226\153\041\170\260\144\236\145\366\122\073\166\204\170\156\133\232}{section.6}% 19
\BOOKMARK [2][-]{subsection.6.5}{\376\377\124\004\142\212\142\113\166\204\117\115\177\156\124\214\220\037\136\246\166\204\154\102\211\343}{section.6}% 20
\BOOKMARK [1][-]{section.7}{\376\377\152\041\127\213\136\372\172\313\116\016\154\102\211\343\040\024\040\024\225\356\230\230\0003}{}% 21
\BOOKMARK [2][-]{subsection.7.1}{\376\377\131\032\121\111\147\137\136\162\155\211\152\041\127\213}{section.7}% 22
\BOOKMARK [2][-]{subsection.7.2}{\376\377\145\160\143\156\213\241\173\227\116\016\117\356\153\143}{section.7}% 23
\BOOKMARK [1][-]{section.8}{\376\377\152\041\127\213\150\300\232\214\123\312\124\010\164\006\140\047\122\006\147\220}{}% 24
\BOOKMARK [2][-]{subsection.8.1}{\376\377\213\357\135\356\147\145\156\220\122\006\147\220}{section.8}% 25
\BOOKMARK [2][-]{subsection.8.2}{\376\377\176\337\213\241\123\357\227\140\140\047}{section.8}% 26
\BOOKMARK [2][-]{subsection.8.3}{\376\377\131\032\121\111\147\137\117\356\153\143\232\214\213\301}{section.8}% 27
\BOOKMARK [1][-]{section.9}{\376\377\152\041\127\213\213\304\116\367\116\016\134\125\147\033}{}% 28
\BOOKMARK [2][-]{subsection.9.1}{\376\377\152\041\127\213\117\030\160\271}{section.9}% 29
\BOOKMARK [2][-]{subsection.9.2}{\376\377\152\041\127\213\177\072\160\271}{section.9}% 30
\BOOKMARK [2][-]{subsection.9.3}{\376\377\147\052\147\145\134\125\147\033}{section.9}% 31
\BOOKMARK [1][-]{appendix.A}{\376\377\145\057\144\221\147\120\145\231\116\016\116\343\170\001}{}% 32
\BOOKMARK [2][-]{subsection.A.1}{\376\377\145\160\143\156\230\204\131\004\164\006\116\343\170\001}{appendix.A}% 33
\BOOKMARK [2][-]{subsection.A.2}{\376\377\226\104\122\240\126\376\210\150}{appendix.A}% 34
